******************************************************************************
              TMS320C55x Linker PC v4.3.9                      
******************************************************************************
>> Linked Mon Oct 08 16:07:05 2012

OUTPUT FILE NAME:   <ads1299evm-mmb0.out>
ENTRY POINT SYMBOL: "_c_int00"  address: 000168e9


MEMORY CONFIGURATION

         name            origin    length      used     unused   attr    fill
                        (bytes)   (bytes)    (bytes)   (bytes)
----------------------  --------  ---------  --------  --------  ----  --------
  VECT                  00000100   00000100  00000100  00000000  RWIX
  DARAM                 00000200   0000fe00  0000b9fe  00004402  RWIX
  SARAM                 00010000   00010000  00006cf8  00009308  RWIX
  SDRAM                 00040000   00030000  0002f8e0  00000720  RWIX
  WAVEFORM              00070000   00f80000  00000000  00f80000  RWIX


SECTION ALLOCATION MAP
(Addresses surrounded by []'s are displayed for convenience only!)

output                                                          attributes/
section   page  orgn(bytes) orgn(words) len(bytes) len(words)   input sections
--------  ----  ----------- ----------- ---------- ----------   --------------
.vers        0   [ 00000000 ]  00000000          *   00000040   COPY SECTION
                 [ 00000000 ]  00000000          *   00000040   ADSProLibcfg.obj (.vers)

.hwi_vec     0     00000100  [ 00000080 ] 00000100          *   
                   00000100  [ 00000080 ] 00000100          *   ADSProLibcfg.obj (.hwi_vec)

.prd         0   [ 00000200 ]  00000100          *   00000000   UNINITIALIZED

.data        0   [ 00000200 ]  00000100          *   00000000   UNINITIALIZED

.hst         0   [ 00000200 ]  00000100          *   00000000   UNINITIALIZED

.pip         0   [ 00000200 ]  00000100          *   00000000   UNINITIALIZED

.DARAM$heap 
*            0   [ 00000200 ]  00000100          *   00004000   UNINITIALIZED
                 [ 00000200 ]  00000100          *   00004000   --HOLE--

.sysstack 
*            0   [ 00008200 ]  00004100          *   00000400   UNINITIALIZED
                 [ 00008200 ]  00004100          *   00000400   --HOLE--

.stack       0   [ 00008a00 ]  00004500          *   00000400   UNINITIALIZED
                 [ 00008a00 ]  00004500          *   00000400   --HOLE--

.TSK_idle$stk 
*            0   [ 00009200 ]  00004900          *   00000500   UNINITIALIZED
                 [ 00009200 ]  00004900          *   00000500   ADSProLibcfg.obj (.TSK_idle$stk)

.const       0   [ 00009c00 ]  00004e00          *   000004f7   
                 [ 00009c00 ]  00004e00          *   00000105   ads1299evm_files.obj (.const:.string)
                 [ 00009e0a ]  00004f05          *   00000101   rts55x.lib : ctype.obj (.const:__ctypes_)
                 [ 0000a00c ]  00005006          *   00000096   ADCProLib.lib : estyx.obj (.const:.string)
                 [ 0000a138 ]  0000509c          *   0000004f   bios_NONINST.a55L : tsk_stup.o55L (.const)
                 [ 0000a1d6 ]  000050eb          *   0000003b   ADCProLib.lib : mmb0ui.obj (.const:_segtbl)
                 [ 0000a24c ]  00005126          *   00000029                 : mmb0files.obj (.const:.string)
                 [ 0000a29e ]  0000514f          *   00000001                 : usbconfig.obj (.const:_config_features)
                 [ 0000a2a0 ]  00005150          *   00000024   rts55x.lib : _printfi.obj (.const:.string)
                 [ 0000a2e8 ]  00005174          *   00000023   bios_NONINST.a55L : utl_doab.o55L (.const)
                 [ 0000a32e ]  00005197          *   00000001   ADCProLib.lib : usbconfig.obj (.const:_iface_counts)
                 [ 0000a330 ]  00005198          *   00000022   bios_NONINST.a55L : utl_doer.o55L (.const)
                 [ 0000a374 ]  000051ba          *   00000020   ADCProLib.lib : acquire.obj (.const:.string)
                 [ 0000a3b4 ]  000051da          *   00000019                 : utilfiles.obj (.const:.string)
                 [ 0000a3e6 ]  000051f3          *   00000001   --HOLE-- [fill = 0]
                 [ 0000a3e8 ]  000051f4          *   00000014   rts55x.lib : strtod.obj (.const:_digits)
                 [ 0000a410 ]  00005208          *   00000013   ADCProLib.lib : usbconfig.obj (.const:_string1)
                 [ 0000a436 ]  0000521b          *   00000011                 : usbconfig.obj (.const:_config1)
                 [ 0000a458 ]  0000522c          *   00000010                 : mmb0clk.obj (.const)
                 [ 0000a478 ]  0000523c          *   0000000e                 : usbstyx.obj (.const:_$P$T1$2)
                 [ 0000a494 ]  0000524a          *   0000000c   rts55x.lib : strtod.obj (.const:_powerof10)
                 [ 0000a4ac ]  00005256          *   0000000c              : _printfi.obj (.const)
                 [ 0000a4c4 ]  00005262          *   0000000a   ADCProLib.lib : acquire.obj (.const:_data_ops)
                 [ 0000a4d8 ]  0000526c          *   0000000a                 : estyx.obj (.const:_default_fops)
                 [ 0000a4ec ]  00005276          *   0000000a                 : usbconfig.obj (.const:_device_desc)
                 [ 0000a500 ]  00005280          *   0000000a                 : estyx.obj (.const:_dirops)
                 [ 0000a514 ]  0000528a          *   0000000a                 : utilfiles.obj (.const:_msg_ops)
                 [ 0000a528 ]  00005294          *   00000009                 : usbconfig.obj (.const:_string2)
                 [ 0000a53a ]  0000529d          *   00000001   --HOLE-- [fill = 0]
                 [ 0000a53c ]  0000529e          *   00000008                 : usbstyx.obj (.const:_$P$T0$1)
                 [ 0000a54c ]  000052a6          *   00000008                 : usbconfig.obj (.const:_epin1)
                 [ 0000a55c ]  000052ae          *   00000008                 : usbconfig.obj (.const:_epout1)
                 [ 0000a56c ]  000052b6          *   00000008   rts55x.lib : divd.obj (.const:_initial_approx$1)
                 [ 0000a57c ]  000052be          *   00000008              : round.obj (.const)
                 [ 0000a58c ]  000052c6          *   00000008              : strtod.obj (.const)
                 [ 0000a59c ]  000052ce          *   00000007   ADCProLib.lib : convD2M.obj (.const:.string)
                 [ 0000a5aa ]  000052d5          *   00000001   --HOLE-- [fill = 0]
                 [ 0000a5ac ]  000052d6          *   00000006   rts55x.lib : modf.obj (.const)
                 [ 0000a5b8 ]  000052dc          *   00000004   bios_NONINST.a55L : mem_allo.o55L (.const)
                 [ 0000a5c0 ]  000052e0          *   00000004                     : mem_free.o55L (.const)
                 [ 0000a5c8 ]  000052e4          *   00000003   ADCProLib.lib : usbconfig.obj (.const:_langtbl)
                 [ 0000a5ce ]  000052e7          *   00000003                 : usbconfig.obj (.const:_string3)
                 [ 0000a5d4 ]  000052ea          *   00000002   rts55x.lib : divd.obj (.const)
                 [ 0000a5d8 ]  000052ec          *   00000002              : fltlid.obj (.const)
                 [ 0000a5dc ]  000052ee          *   00000002              : fltuld.obj (.const)
                 [ 0000a5e0 ]  000052f0          *   00000001   ADCProLib.lib : usbstyx.obj (.const:.string)
                 [ 0000a5e2 ]  000052f1          *   00000001   --HOLE-- [fill = 0]
                 [ 0000a5e4 ]  000052f2          *   00000001   bios_NONINST.a55L : mbx_crea.o55L (.const)
                 [ 0000a5e6 ]  000052f3          *   00000001   --HOLE-- [fill = 0]
                 [ 0000a5e8 ]  000052f4          *   00000001                     : sem_crea.o55L (.const)
                 [ 0000a5ea ]  000052f5          *   00000001   --HOLE-- [fill = 0]
                 [ 0000a5ec ]  000052f6          *   00000001                     : tsk.o55L (.const)

.printf      0   [ 0000a5ee ]  000052f7          *   00000022   COPY SECTION
                 [ 0000a5ee ]  000052f7          *   00000022   ADSProLibcfg.obj (.printf)

.bss         0   [ 0000a5f0 ]  000052f8          *   0000044a   UNINITIALIZED
                 [ 0000a5f0 ]  000052f8          *   000000e2   ADCProLib.lib : estyx.obj (.bss)
                 [ 0000a7b4 ]  000053da          *   0000008a   bios_NONINST.a55L : knl.o55L (.bss)
                 [ 0000a8c8 ]  00005464          *   00000083   t1299_ob.obj (.bss)
                 [ 0000a9ce ]  000054e7          *   00000001   bios_NONINST.a55L : tsk_disa.o55L (.bss)
                 [ 0000a9d0 ]  000054e8          *   0000007c   ADCProLib.lib : usbconfig.obj (.bss)
                 [ 0000aac8 ]  00005564          *   0000006d                 : usbhw.obj (.bss)
                 [ 0000aba2 ]  000055d1          *   00000001   rts55x.lib : errno.obj (.bss)
                 [ 0000aba4 ]  000055d2          *   00000030   bios_NONINST.a55L : tsk.o55L (.bss)
                 [ 0000ac04 ]  00005602          *   00000028                     : tsk_stup.o55L (.bss)
                 [ 0000ac54 ]  0000562a          *   00000023                     : obj_init.o55L (.bss)
                 [ 0000ac9a ]  0000564d          *   00000001   --HOLE--
                 [ 0000ac9c ]  0000564e          *   00000022   ADCProLib.lib : usbstyx.obj (.bss)
                 [ 0000ace0 ]  00005670          *   0000000a                 : usb.obj (.bss)
                 [ 0000acf4 ]  0000567a          *   00000006                 : mmb0files.obj (.bss)
                 [ 0000ad00 ]  00005680          *   0000001d   ADSProLibcfg.obj (.bss)
                 [ 0000ad3a ]  0000569d          *   00000001   --HOLE--
                 [ 0000ad3c ]  0000569e          *   0000001a   ADCProLib.lib : acquire.obj (.bss)
                 [ 0000ad70 ]  000056b8          *   00000015                 : mmb0clk.obj (.bss)
                 [ 0000ad9a ]  000056cd          *   00000001   --HOLE--
                 [ 0000ad9c ]  000056ce          *   00000014   bios_NONINST.a55L : sys.o55L (.bss)
                 [ 0000adc4 ]  000056e2          *   00000012   ADCProLib.lib : usbctl.obj (.bss)
                 [ 0000ade8 ]  000056f4          *   00000008                 : mmb0.obj (.bss)
                 [ 0000adf8 ]  000056fc          *   00000008                 : mmb0ui.obj (.bss)
                 [ 0000ae08 ]  00005704          *   00000008   bios_NONINST.a55L : knl_tick.o55L (.bss)
                 [ 0000ae18 ]  0000570c          *   00000008                     : swi_seta.o55L (.bss)
                 [ 0000ae28 ]  00005714          *   00000006   ADCProLib.lib : utilfiles.obj (.bss)
                 [ 0000ae34 ]  0000571a          *   00000006   bios_NONINST.a55L : utl_putc.o55L (.bss)
                 [ 0000ae40 ]  00005720          *   00000004   ADCProLib.lib : mmb0i2c.obj (.bss)
                 [ 0000ae48 ]  00005724          *   00000004   bios_NONINST.a55L : clk_data.o55L (.bss)
                 [ 0000ae50 ]  00005728          *   00000004                     : mbx_crea.o55L (.bss)
                 [ 0000ae58 ]  0000572c          *   00000004                     : sem_crea.o55L (.bss)
                 [ 0000ae60 ]  00005730          *   00000004   rts55x.lib : _lock.obj (.bss)
                 [ 0000ae68 ]  00005734          *   00000003   ADCProLib.lib : mmb0flash.obj (.bss)
                 [ 0000ae6e ]  00005737          *   00000001   --HOLE--
                 [ 0000ae70 ]  00005738          *   00000003   ads1299evm_files.obj (.bss)
                 [ 0000ae76 ]  0000573b          *   00000001   --HOLE--
                 [ 0000ae78 ]  0000573c          *   00000002   bios_NONINST.a55L : clk_data2.o55L (.bss)
                 [ 0000ae7c ]  0000573e          *   00000002                     : mem_asm.o55L (.bss)
                 [ 0000ae80 ]  00005740          *   00000002   rts55x.lib : vars.obj (.bss)

.mbx         0   [ 0000ae84 ]  00005742          *   00000034   UNINITIALIZED
                 [ 0000ae84 ]  00005742          *   00000034   ADSProLibcfg.obj (.mbx)

.tsk         0   [ 0000aeec ]  00005776          *   0000002c   UNINITIALIZED
                 [ 0000aeec ]  00005776          *   0000002c   ADSProLibcfg.obj (.tsk)

.args        0   [ 0000af44 ]  000057a2          *   00000020   
                 [ 0000af44 ]  000057a2          *   00000020   --HOLE-- [fill = 0]

.swi         0   [ 0000af84 ]  000057c2          *   00000014   UNINITIALIZED
                 [ 0000af84 ]  000057c2          *   00000014   ADSProLibcfg.obj (.swi)

.log         0   [ 0000afac ]  000057d6          *   0000000a   UNINITIALIZED
                 [ 0000afac ]  000057d6          *   0000000a   ADSProLibcfg.obj (.log)

.sts         0   [ 0000afc0 ]  000057e0          *   00000008   UNINITIALIZED
                 [ 0000afc0 ]  000057e0          *   00000008   ADSProLibcfg.obj (.sts)

.test_mbx$que 
*            0   [ 0000afd0 ]  000057e8          *   00000006   UNINITIALIZED
                 [ 0000afd0 ]  000057e8          *   00000006   --HOLE--

.clk         0   [ 0000afdc ]  000057ee          *   00000004   UNINITIALIZED
                 [ 0000afdc ]  000057ee          *   00000004   ADSProLibcfg.obj (.clk)

.idl         0   [ 0000afe4 ]  000057f2          *   00000002   UNINITIALIZED
                 [ 0000afe4 ]  000057f2          *   00000002   ADSProLibcfg.obj (.idl)

.idlcal      0   [ 0000afe8 ]  000057f4          *   00000002   UNINITIALIZED
                 [ 0000afe8 ]  000057f4          *   00000002   ADSProLibcfg.obj (.idlcal)

.LOG_system$buf 
*            0   [ 0000b000 ]  00005800          *   00000200   UNINITIALIZED
                 [ 0000b000 ]  00005800          *   00000200   ADSProLibcfg.obj (.LOG_system$buf)

.trace       0   [ 0000b400 ]  00005a00          *   00000200   
                 [ 0000b400 ]  00005a00          *   00000200   --HOLE-- [fill = 00]

.isr         0     0000b800  [ 00005c00 ] 00000294          *   
                   0000b800  [ 00005c00 ] 00000293          *   t1299_ob.obj (.isr)
                   0000ba93  [ 00005d49 ] 00000001          *   --HOLE-- [fill = 20]

.hwi_disp_sec 
*            0   [ 0000ba94 ]  00005d4a          *   000000c0   UNINITIALIZED
                 [ 0000ba94 ]  00005d4a          *   000000c0   bios_NONINST.a55L : hwi_disp_asm.o55L (.hwi_disp_sec)

.SARAM$heap 
*            0   [ 00010000 ]  00008000          *   00002400   UNINITIALIZED
                 [ 00010000 ]  00008000          *   00002400   --HOLE--

csltext      0     00014800  [ 0000a400 ] 000010c2          *   
                   00014800  [ 0000a400 ] 000001cd          *   csl5509axmod.lib : mcbsp_cfg.obj (.text:MCBSP_config)
                   000149cd  [ 0000a4e6+] 00000197          *                    : mcbsp_rst.obj (.text:MCBSP_reset)
                   00014b64  [ 0000a5b2 ] 0000017b          *                    : dma_reset.obj (.text:DMA_reset)
                   00014cdf  [ 0000a66f+] 00000150          *                    : dma_cfg.obj (.text:DMA_config)
                   00014e2f  [ 0000a717+] 0000014a          *                    : dma_gcfg.obj (.text:DMA_getConfig)
                   00014f79  [ 0000a7bc+] 0000011f          *                    : mcbsp_open.obj (.text:MCBSP_open)
                   00015098  [ 0000a84c ] 000000e0          *                    : pgpio_pdir.obj (.text:_PGPIO_pinDirection)
                   00015178  [ 0000a8bc ] 000000e0          *                    : pgpio_write.obj (.text:_PGPIO_pinWrite)
                   00015258  [ 0000a92c ] 000000d5          *                    : mcbsp_start.obj (.text:MCBSP_start)
                   0001532d  [ 0000a996+] 000000c8          *                    : tim_open.obj (.text:TIMER_open)
                   000153f5  [ 0000a9fa+] 000000c2          *                    : dma_open.obj (.text:DMA_open)
                   000154b7  [ 0000aa5b+] 000000bf          *                    : tim_rstt.obj (.text:TIMER_reset)
                   00015576  [ 0000aabb ] 0000008a          *                    : tim_cfgb.obj (.text:TIMER_configArgs)
                   00015600  [ 0000ab00 ] 0000007b          *                    : irq_disa.obj (.text:IRQ_disable)
                   0001567b  [ 0000ab3d+] 00000067          *                    : irq_enab.obj (.text:IRQ_enable)
                   000156e2  [ 0000ab71 ] 00000050          *                    : mcbsp_cls.obj (.text:MCBSP_close)
                   00015732  [ 0000ab99 ] 0000004f          *                    : irq_test.obj (.text:IRQ_test)
                   00015781  [ 0000abc0+] 00000041          *                    : irq_clear.obj (.text:IRQ_clear)
                   000157c2  [ 0000abe1 ] 00000036          *                    : dma_close.obj (.text:DMA_close)
                   000157f8  [ 0000abfc ] 00000030          *                    : mcbsp_r32.obj (.text:MCBSP_read32)
                   00015828  [ 0000ac14 ] 00000026          *                    : mcbsp_w32.obj (.text:MCBSP_write32)
                   0001584e  [ 0000ac27 ] 00000019          *                    : irq_gdisab.obj (.text:IRQ_globalDisable)
                   00015867  [ 0000ac33+] 00000019          *                    : irq_genab.obj (.text:IRQ_globalEnable)
                   00015880  [ 0000ac40 ] 00000016          *                    : irq_grest.obj (.text:IRQ_globalRestore)
                   00015896  [ 0000ac4b ] 00000015          *                    : mcbsp_r16.obj (.text:MCBSP_read16)
                   000158ab  [ 0000ac55+] 00000015          *                    : mcbsp_w16.obj (.text:MCBSP_write16)
                   000158c0  [ 0000ac60 ] 00000002          *   --HOLE-- [fill = 20]

.cinit       0   [ 000158c2 ]  0000ac61          *   000006b1   
                 [ 000158c2 ]  0000ac61          *   00000189   ADSProLibcfg.obj (.cinit)
                 [ 00015bd4 ]  0000adea          *   0000010c   ADCProLib.lib : estyx.obj (.cinit)
                 [ 00015dec ]  0000aef6          *   000000af   bios_NONINST.a55L : biosdata.o55L (.cinit)
                 [ 00015f4a ]  0000afa5          *   000000a0                     : knl.o55L (.cinit)
                 [ 0001608a ]  0000b045          *   00000081   csl5509axmod.lib : csl_dmadat.obj (.cinit)
                 [ 0001618c ]  0000b0c6          *   00000074   t1299_ob.obj (.cinit)
                 [ 00016274 ]  0000b13a          *   00000069   csl5509axmod.lib : csl_mcbspdat.obj (.cinit)
                 [ 00016346 ]  0000b1a3          *   00000058   ADCProLib.lib : usbconfig.obj (.cinit)
                 [ 000163f6 ]  0000b1fb          *   00000031   bios_NONINST.a55L : tsk.o55L (.cinit)
                 [ 00016458 ]  0000b22c          *   0000002e                     : tsk_stup.o55L (.cinit)
                 [ 000164b4 ]  0000b25a          *   00000025   csl5509axmod.lib : csl_sysdat.obj (.cinit)
                 [ 000164fe ]  0000b27f          *   0000000f   bios_NONINST.a55L : utl_putc.o55L (.cinit)
                 [ 0001651c ]  0000b28e          *   0000000f   csl5509axmod.lib : csl_timdat.obj (.cinit)
                 [ 0001653a ]  0000b29d          *   0000000b   bios_NONINST.a55L : knl_tick.o55L (.cinit)
                 [ 00016550 ]  0000b2a8          *   0000000b                     : swi_seta.o55L (.cinit)
                 [ 00016566 ]  0000b2b3          *   0000000a                     : obj_init.o55L (.cinit)
                 [ 0001657a ]  0000b2bd          *   0000000a                     : sys.o55L (.cinit)
                 [ 0001658e ]  0000b2c7          *   0000000a   rts55x.lib : _lock.obj (.cinit)
                 [ 000165a2 ]  0000b2d1          *   00000009   ADCProLib.lib : utilfiles.obj (.cinit)
                 [ 000165b4 ]  0000b2da          *   00000009   ads1299evm_files.obj (.cinit)
                 [ 000165c6 ]  0000b2e3          *   00000007   bios_NONINST.a55L : mbx_crea.o55L (.cinit)
                 [ 000165d4 ]  0000b2ea          *   00000007                     : sem_crea.o55L (.cinit)
                 [ 000165e2 ]  0000b2f1          *   00000005   ADCProLib.lib : mmb0.obj (.cinit)
                 [ 000165ec ]  0000b2f6          *   00000005                 : mmb0files.obj (.cinit)
                 [ 000165f6 ]  0000b2fb          *   00000005   bios_NONINST.a55L : knl_swit.o55L (.cinit)
                 [ 00016600 ]  0000b300          *   00000005   rts55x.lib : vars.obj (.cinit)
                 [ 0001660a ]  0000b305          *   00000004   ADCProLib.lib : usbhw.obj (.cinit)
                 [ 00016612 ]  0000b309          *   00000004   bios_NONINST.a55L : tsk_disa.o55L (.cinit)
                 [ 0001661a ]  0000b30d          *   00000004   rts55x.lib : errno.obj (.cinit)
                 [ 00016622 ]  0000b311          *   00000001   --HOLE-- [fill = 0]

.sysinit     0     00016624  [ 0000b312 ] 00000338          *   
                   00016624  [ 0000b312 ] 00000111          *   bios_NONINST.a55L : mem_init.o55L (.sysinit)
                   00016735  [ 0000b39a+] 000000bd          *   ADSProLibcfg.obj (.sysinit)
                   000167f2  [ 0000b3f9 ] 00000002          *   --HOLE-- [fill = 20]
                   000167f4  [ 0000b3fa ] 00000084          *   bios_NONINST.a55L : tsk_init.o55L (.sysinit)
                   00016878  [ 0000b43c ] 00000071          *                     : autoinit.o55L (.sysinit)
                   000168e9  [ 0000b474+] 0000006f          *                     : boot.o55L (.sysinit)
                   00016958  [ 0000b4ac ] 00000002          *                     : obj_init.o55L (.sysinit)
                   0001695a  [ 0000b4ad ] 00000002          *   --HOLE-- [fill = 20]

.mem         0   [ 0001695c ]  0000b4ae          *   00000001   UNINITIALIZED
                 [ 0001695c ]  0000b4ae          *   00000001   ADSProLibcfg.obj (.mem)

csldata      0   [ 00016960 ]  0000b4b0          *   000000f0   UNINITIALIZED
                 [ 00016960 ]  0000b4b0          *   0000007e   csl5509axmod.lib : csl_dmadat.obj (.csldata:DMA_data)
                 [ 00016a5c ]  0000b52e          *   00000066                    : csl_mcbspdat.obj (.csldata:MCBSP_data)
                 [ 00016b28 ]  0000b594          *   0000000c                    : csl_timdat.obj (.csldata:TIMER_data)

.sysdata     0   [ 00016b40 ]  0000b5a0          *   000000b0   UNINITIALIZED
                 [ 00016b40 ]  0000b5a0          *   000000b0   bios_NONINST.a55L : biosdata.o55L (.sysdata)

csldat       0   [ 00016ca0 ]  0000b650          *   00000022   UNINITIALIZED
                 [ 00016ca0 ]  0000b650          *   00000022   csl5509axmod.lib : csl_sysdat.obj (.csldat:SYS_data)

.sys         0   [ 00016ce4 ]  0000b672          *   00000008   UNINITIALIZED
                 [ 00016ce4 ]  0000b672          *   00000008   ADSProLibcfg.obj (.sys)

.trcdata     0   [ 00016cf4 ]  0000b67a          *   00000003   
                 [ 00016cf4 ]  0000b67a          *   00000003   bios_NONINST.a55L : trc.o55L (.trcdata)

.SDRAM$heap 
*            0   [ 00040000 ]  00020000          *   00010000   UNINITIALIZED
                 [ 00040000 ]  00020000          *   00010000   --HOLE--

.text        0     00060000  [ 00030000 ] 0000d49e          *   
                   00060000  [ 00030000 ] 00001742          *   t1299_ob.obj (.text)
                   00061742  [ 00030ba1 ] 0000172f          *   ADCProLib.lib : estyx.obj (.text)
                   00062e71  [ 00031738+] 00001598          *   rts55x.lib : _printfi.obj (.text)
                   00064409  [ 00032204+] 000011e4          *   ADCProLib.lib : usbhw.obj (.text)
                   000655ed  [ 00032af6+] 00000d04          *   ads1299evm_files.obj (.text)
                   000662f1  [ 00033178+] 00000bac          *   ADCProLib.lib : utilfiles.obj (.text)
                   00066e9d  [ 0003374e+] 00000926          *                 : mmb0clk.obj (.text)
                   000677c3  [ 00033be1+] 000007dc          *                 : convM2S.obj (.text)
                   00067f9f  [ 00033fcf+] 000006e7          *                 : usbctl.obj (.text)
                   00068686  [ 00034343 ] 000006cb          *                 : convS2M.obj (.text)
                   00068d51  [ 000346a8+] 0000067d          *                 : usb.obj (.text)
                   000693ce  [ 000349e7 ] 0000065e          *                 : usbstyx.obj (.text)
                   00069a2c  [ 00034d16 ] 0000055f          *                 : BlockQueue.obj (.text)
                   00069f8b  [ 00034fc5+] 000003c1          *                 : convD2M.obj (.text)
                   0006a34c  [ 000351a6 ] 0000036c          *   rts55x.lib : divd.obj (.text)
                   0006a6b8  [ 0003535c ] 0000034a          *   ADCProLib.lib : mmb0spibb.obj (.text)
                   0006aa02  [ 00035501 ] 00000336          *                 : mmb0i2c.obj (.text)
                   0006ad38  [ 0003569c ] 000002bd          *   rts55x.lib : strtod.obj (.text)
                   0006aff5  [ 000357fa+] 00000289          *   ADCProLib.lib : mmb0files.obj (.text)
                   0006b27e  [ 0003593f ] 00000288          *                 : mmb0flash.obj (.text)
                   0006b506  [ 00035a83 ] 0000025e          *   rts55x.lib : llmpy.obj (.text)
                   0006b764  [ 00035bb2 ] 00000259          *              : addd.obj (.text)
                   0006b9bd  [ 00035cde+] 0000023b          *   ADCProLib.lib : tidc_api.obj (.text)
                   0006bbf8  [ 00035dfc ] 00000233          *                 : acquire.obj (.text)
                   0006be2b  [ 00035f15+] 00000208          *   rts55x.lib : strtol.obj (.text)
                   0006c033  [ 00036019+] 000001ea          *              : cmpd.obj (.text)
                   0006c21d  [ 0003610e+] 000001d1          *              : strtoul.obj (.text)
                   0006c3ee  [ 000361f7 ] 000001be          *   ADCProLib.lib : usbconfig.obj (.text)
                   0006c5ac  [ 000362d6 ] 000001a9          *                 : mmb0ui.obj (.text)
                   0006c755  [ 000363aa+] 00000198          *                 : mmb0.obj (.text)
                   0006c8ed  [ 00036476+] 0000014c          *   rts55x.lib : mpyd.obj (.text)
                   0006ca39  [ 0003651c+] 000000c8          *              : frcmpyd_div.obj (.text)
                   0006cb01  [ 00036580+] 000000bf          *              : modf.obj (.text)
                   0006cbc0  [ 000365e0 ] 000000a1          *              : divul.obj (.text)
                   0006cc61  [ 00036630+] 0000007d          *              : ltoa.obj (.text)
                   0006ccde  [ 0003666f ] 00000077          *              : fixdul.obj (.text)
                   0006cd55  [ 000366aa+] 00000076          *              : frcmpyd.obj (.text)
                   0006cdcb  [ 000366e5+] 00000072          *              : remul.obj (.text)
                   0006ce3d  [ 0003671e+] 00000070          *              : sprintf.obj (.text)
                   0006cead  [ 00036756+] 0000006f          *              : fixdli.obj (.text)
                   0006cf1c  [ 0003678e ] 00000067          *              : fltlid.obj (.text)
                   0006cf83  [ 000367c1+] 00000065          *              : new_.obj (.text)
                   0006cfe8  [ 000367f4 ] 0000005f          *              : round.obj (.text)
                   0006d047  [ 00036823 ] 00000001          *   --HOLE-- [fill = 20]
                   0006d048  [ 00036824 ] 0000005c          *   bios_NONINST.a55L : tsk_stup.o55L (.text)
                   0006d0a4  [ 00036852 ] 0000005c          *   rts55x.lib : atoi.obj (.text)
                   0006d100  [ 00036880 ] 0000005b          *              : fltuld.obj (.text)
                   0006d15b  [ 000368ad+] 0000004b          *              : remli.obj (.text)
                   0006d1a6  [ 000368d3 ] 00000048          *              : divli.obj (.text)
                   0006d1ee  [ 000368f7 ] 00000046          *   main.obj (.text)
                   0006d234  [ 0003691a ] 0000003f          *   rts55x.lib : memcpy.obj (.text)
                   0006d273  [ 00036939+] 0000003c          *              : idiv.obj (.text)
                   0006d2af  [ 00036957+] 0000003b          *              : memmov.obj (.text)
                   0006d2ea  [ 00036975 ] 00000036          *              : strncpy.obj (.text)
                   0006d320  [ 00036990 ] 0000002a          *              : fixdi.obj (.text)
                   0006d34a  [ 000369a5 ] 0000002a          *              : udiv.obj (.text)
                   0006d374  [ 000369ba ] 00000029          *              : strncmp.obj (.text)
                   0006d39d  [ 000369ce+] 00000023          *              : memccpy.obj (.text)
                   0006d3c0  [ 000369e0 ] 0000001c          *              : isinf.obj (.text)
                   0006d3dc  [ 000369ee ] 0000001b          *              : fixdu.obj (.text)
                   0006d3f7  [ 000369fb+] 00000014          *              : subd.obj (.text)
                   0006d40b  [ 00036a05+] 00000013          *              : lmpy.obj (.text)
                   0006d41e  [ 00036a0f ] 00000012          *              : _lock.obj (.text)
                   0006d430  [ 00036a18 ] 00000011          *              : memset.obj (.text)
                   0006d441  [ 00036a20+] 00000011          *              : strlen.obj (.text)
                   0006d452  [ 00036a29 ] 00000010          *              : negd.obj (.text)
                   0006d462  [ 00036a31 ] 00000010          *              : strcmp.obj (.text)
                   0006d472  [ 00036a39 ] 0000000f          *              : isspace.obj (.text)
                   0006d481  [ 00036a40+] 0000000e          *              : fltud.obj (.text)
                   0006d48f  [ 00036a47+] 0000000c          *              : fltid.obj (.text)
                   0006d49b  [ 00036a4d+] 00000002          *              : newhandler.obj (.text)
                   0006d49d  [ 00036a4e ] 00000001          *   --HOLE-- [fill = 20]

.bios        0     0006d4a0  [ 00036a50 ] 00002390          *   
                   0006d4a0  [ 00036a50 ] 000003d4          *   bios_NONINST.a55L : swi.o55L (.bios)
                   0006d874  [ 00036c3a ] 0000035f          *                     : hwi_disp_asm.o55L (.bios)
                   0006dbd3  [ 00036de9 ] 00000001          *   --HOLE-- [fill = 20]
                   0006dbd4  [ 00036dea ] 00000298          *                     : tsk_crea.o55L (.bios)
                   0006de6c  [ 00036f36 ] 00000186          *                     : prd.o55L (.bios)
                   0006dff2  [ 00036ff9 ] 00000002          *   bios5510.a55L : clk5509_wdog.o55L (.bios)
                   0006dff4  [ 00036ffa ] 00000175          *   bios_NONINST.a55L : mem_free.o55L (.bios:.near)
                   0006e169  [ 000370b4 ] 00000003          *   --HOLE-- [fill = 20]
                   0006e16c  [ 000370b6 ] 00000170          *                     : malloc.o55L (.bios)
                   0006e2dc  [ 0003716e ] 0000015a          *                     : knl_run.o55L (.bios)
                   0006e436  [ 0003721b ] 00000002          *   --HOLE-- [fill = 20]
                   0006e438  [ 0003721c ] 00000141          *                     : sem_pend.o55L (.bios)
                   0006e579  [ 000372bc ] 00000003          *   --HOLE-- [fill = 20]
                   0006e57c  [ 000372be ] 0000012d          *                     : mem_allo.o55L (.bios:.near)
                   0006e6a9  [ 00037354+] 0000010e          *                     : knl_swit.o55L (.bios)
                   0006e7b7  [ 000373db ] 00000001          *   --HOLE-- [fill = 20]
                   0006e7b8  [ 000373dc ] 0000010d          *                     : mbx.o55L (.bios)
                   0006e8c5  [ 00037462 ] 00000003          *   --HOLE-- [fill = 20]
                   0006e8c8  [ 00037464 ] 000000f4          *                     : knl_tick.o55L (.bios)
                   0006e9bc  [ 000374de ] 000000ec          *                     : mbx_crea.o55L (.bios)
                   0006eaa8  [ 00037554 ] 000000ce          *                     : tsk_exit.o55L (.bios)
                   0006eb76  [ 000375bb ] 00000002          *   --HOLE-- [fill = 20]
                   0006eb78  [ 000375bc ] 000000bf          *                     : tsk_stup.o55L (.bios)
                   0006ec37  [ 0003761b ] 00000001          *   --HOLE-- [fill = 20]
                   0006ec38  [ 0003761c ] 000000b3          *                     : sem_dopo.o55L (.bios)
                   0006eceb  [ 00037675 ] 00000001          *   --HOLE-- [fill = 20]
                   0006ecec  [ 00037676 ] 000000b3          *                     : tsk_setu.o55L (.bios)
                   0006ed9f  [ 000376cf+] 000000a2          *                     : c55_c.o55L (.bios)
                   0006ee41  [ 00037720 ] 00000003          *   --HOLE-- [fill = 20]
                   0006ee44  [ 00037722 ] 0000009d          *                     : mbx_dele.o55L (.bios)
                   0006eee1  [ 00037770+] 0000008d          *   bios5510.a55L : clk_isr.o55L (.bios)
                   0006ef6e  [ 000377b7 ] 00000071          *   bios_NONINST.a55L : knl_chec.o55L (.bios)
                   0006efdf  [ 000377ef ] 00000001          *   --HOLE-- [fill = 20]
                   0006efe0  [ 000377f0 ] 0000006c          *                     : swi_seta.o55L (.bios)
                   0006f04c  [ 00037826 ] 00000067          *   bios5510.a55L : clk5509_htime.o55L (.bios)
                   0006f0b3  [ 00037859 ] 00000001          *   --HOLE-- [fill = 20]
                   0006f0b4  [ 0003785a ] 00000062          *   bios_NONINST.a55L : obj_crea.o55L (.bios)
                   0006f116  [ 0003788b ] 0000005d          *                     : knl_star.o55L (.bios)
                   0006f173  [ 000378b9 ] 00000001          *   --HOLE-- [fill = 20]
                   0006f174  [ 000378ba ] 0000005c          *                     : knl_read.o55L (.bios)
                   0006f1d0  [ 000378e8 ] 0000005b          *                     : knl_ipos.o55L (.bios)
                   0006f22b  [ 00037915 ] 00000001          *   --HOLE-- [fill = 20]
                   0006f22c  [ 00037916 ] 0000005b          *                     : sem_crea.o55L (.bios)
                   0006f287  [ 00037943 ] 00000001          *   --HOLE-- [fill = 20]
                   0006f288  [ 00037944 ] 00000058          *                     : lck.o55L (.bios)
                   0006f2e0  [ 00037970 ] 00000051          *                     : log.o55L (.bios)
                   0006f331  [ 00037998+] 0000004f          *                     : sem_post_asm.o55L (.bios)
                   0006f380  [ 000379c0 ] 0000004e          *                     : sem_pend_counting.o55L (.bios)
                   0006f3ce  [ 000379e7 ] 00000048          *                     : sts.o55L (.bios)
                   0006f416  [ 00037a0b ] 00000002          *   --HOLE-- [fill = 20]
                   0006f418  [ 00037a0c ] 00000048          *                     : sys_exit.o55L (.bios)
                   0006f460  [ 00037a30 ] 00000047          *                     : swi_crea.o55L (.bios)
                   0006f4a7  [ 00037a53 ] 00000001          *   --HOLE-- [fill = 20]
                   0006f4a8  [ 00037a54 ] 00000045          *                     : obj_dele.o55L (.bios)
                   0006f4ed  [ 00037a76 ] 00000003          *   --HOLE-- [fill = 20]
                   0006f4f0  [ 00037a78 ] 00000044          *                     : tsk_disa.o55L (.bios)
                   0006f534  [ 00037a9a ] 00000043          *   bios5510.a55L : clk5509_start.o55L (.bios)
                   0006f577  [ 00037abb+] 00000042          *   bios_NONINST.a55L : que_get.o55L (.bios)
                   0006f5b9  [ 00037adc ] 00000003          *   --HOLE-- [fill = 20]
                   0006f5bc  [ 00037ade ] 00000037          *                     : knl_exit.o55L (.bios)
                   0006f5f3  [ 00037af9+] 00000036          *                     : prd_c.o55L (.bios)
                   0006f629  [ 00037b14 ] 00000003          *   --HOLE-- [fill = 20]
                   0006f62c  [ 00037b16 ] 00000036          *                     : utl_putc.o55L (.bios)
                   0006f662  [ 00037b31 ] 00000002          *   --HOLE-- [fill = 20]
                   0006f664  [ 00037b32 ] 00000034          *                     : knl_post.o55L (.bios)
                   0006f698  [ 00037b4c ] 00000032          *                     : mem_vall.o55L (.bios:.near)
                   0006f6ca  [ 00037b65 ] 00000025          *                     : fxn.o55L (.bios)
                   0006f6ef  [ 00037b77 ] 00000001          *   --HOLE-- [fill = 20]
                   0006f6f0  [ 00037b78 ] 00000023          *                     : utl_doab.o55L (.bios)
                   0006f713  [ 00037b89 ] 00000001          *   --HOLE-- [fill = 20]
                   0006f714  [ 00037b8a ] 00000020          *                     : utl_doer.o55L (.bios)
                   0006f734  [ 00037b9a ] 0000001f          *                     : clk_itime.o55L (.bios)
                   0006f753  [ 00037ba9 ] 00000001          *   --HOLE-- [fill = 20]
                   0006f754  [ 00037baa ] 0000001e          *                     : sem_post.o55L (.bios)
                   0006f772  [ 00037bb9 ] 00000002          *   --HOLE-- [fill = 20]
                   0006f774  [ 00037bba ] 0000001a          *                     : hwi_xable.o55L (.bios)
                   0006f78e  [ 00037bc7 ] 00000017          *                     : clk_run.o55L (.bios)
                   0006f7a5  [ 00037bd2 ] 00000003          *   --HOLE-- [fill = 20]
                   0006f7a8  [ 00037bd4 ] 00000017          *                     : sys_abor.o55L (.bios)
                   0006f7bf  [ 00037bdf ] 00000001          *   --HOLE-- [fill = 20]
                   0006f7c0  [ 00037be0 ] 00000016          *                     : sys_erro.o55L (.bios:.near)
                   0006f7d6  [ 00037beb ] 00000002          *   --HOLE-- [fill = 20]
                   0006f7d8  [ 00037bec ] 00000014          *                     : hook_setenv.o55L (.bios)
                   0006f7ec  [ 00037bf6 ] 00000010          *                     : sem_dele.o55L (.bios)
                   0006f7fc  [ 00037bfe ] 0000000c          *                     : idl.o55L (.bios)
                   0006f808  [ 00037c04 ] 00000009          *                     : swi_disable.o55L (.bios)
                   0006f811  [ 00037c08+] 00000008          *                     : clk_getltime.o55L (.bios)
                   0006f819  [ 00037c0c ] 00000003          *   --HOLE-- [fill = 20]
                   0006f81c  [ 00037c0e ] 00000008          *                     : utl_halt.o55L (.bios)
                   0006f824  [ 00037c12 ] 00000006          *                     : gbl_vers.o55L (.bios)
                   0006f82a  [ 00037c15 ] 00000002          *   --HOLE-- [fill = 20]
                   0006f82c  [ 00037c16 ] 00000002          *                     : fxn_c.o55L (.bios)
                   0006f82e  [ 00037c17 ] 00000002          *   --HOLE-- [fill = 20]

.switch      0   [ 0006f830 ]  00037c18          *   00000040   
                 [ 0006f830 ]  00037c18          *   0000002e   t1299_ob.obj (.switch)
                 [ 0006f88c ]  00037c46          *   00000012   ADCProLib.lib : mmb0clk.obj (.switch)

.gblinit     0   [ 0006f8b0 ]  00037c58          *   00000015   
                 [ 0006f8b0 ]  00037c58          *   00000015   ADSProLibcfg.obj (.gblinit)

.pinit       0   [ 0006f8dc ]  00037c6e          *   00000004   
                 [ 0006f8dc ]  00037c6e          *   00000002   ADCProLib.lib : acquire.obj (.pinit)
                 [ 0006f8e0 ]  00037c70          *   00000002   --HOLE-- [fill = 0]


GLOBAL SYMBOLS: SORTED ALPHABETICALLY BY Name 

abs. value/
byte addr   word addr   name
---------   ---------   ----
00000002                $TI_capability$C5500$CallingConvention
00000002                $TI_capability$C5500$MemoryModel
00000001                $TI_capability_requires_rev2
            000052f8    .bss
            00000100    .data
00060000                .text
00000014                BIOSDATA_O_CLK_D_COUNTSPMS
0000000e                BIOSDATA_O_CLK_D_DIRTY
00000016                BIOSDATA_O_CLK_D_IDLETIME
00000018                BIOSDATA_O_CLK_D_ISRHOOK
00000010                BIOSDATA_O_CLK_D_PRD
0000001a                BIOSDATA_O_CLK_D_TABBEG
00000012                BIOSDATA_O_CLK_D_TDDR
0000001c                BIOSDATA_O_CLK_D_TIMEFXN
00000006                BIOSDATA_O_CLK_HTIMEDIV
00000008                BIOSDATA_O_CLK_HTIMEMULT
0000000a                BIOSDATA_O_CLK_LTIMEDIV
0000000c                BIOSDATA_O_CLK_LTIMEMULT
0000001e                BIOSDATA_O_CLK_R_TIMH
0000001f                BIOSDATA_O_CLK_R_TIML
00000020                BIOSDATA_O_HST_D_CHANMASK
000000a0                BIOSDATA_O_HST_D_TABBEGADDR
000000a2                BIOSDATA_O_HST_D_TABENDADDR
00000088                BIOSDATA_O_HWI_D_SPSAVE
0000008a                BIOSDATA_O_HWI_D_SSPSAVE
0000008c                BIOSDATA_O_HWI_D_STKBOTADDR
00000090                BIOSDATA_O_HWI_D_STKTOPADDR
0000008e                BIOSDATA_O_HWI_D_SYSTKBOTADDR
00000092                BIOSDATA_O_HWI_D_SYSTKTOPADDR
00000022                BIOSDATA_O_IDL_D_CALBEG
00000024                BIOSDATA_O_IDL_D_CALIBRATE
00000026                BIOSDATA_O_IDL_D_TABBEG
00000028                BIOSDATA_O_LOG_D_SYSTEM
00000098                BIOSDATA_O_MEM_D_FREELIST
0000009a                BIOSDATA_O_MEM_D_LOCKADDR
00000096                BIOSDATA_O_MEM_D_MEMTAB
00000095                BIOSDATA_O_MEM_D_NUMSEGMENTS
0000009c                BIOSDATA_O_MEM_D_UNLOCKADDR
0000002a                BIOSDATA_O_PIP_D_TABBEG
0000002c                BIOSDATA_O_PIP_D_TABLEN
0000002e                BIOSDATA_O_PRD_D_CUR
00000030                BIOSDATA_O_PRD_D_ELAPSED
00000031                BIOSDATA_O_PRD_D_PREVTIM
00000032                BIOSDATA_O_PRD_D_SCALAR
00000034                BIOSDATA_O_PRD_D_SWIHANDLE
00000036                BIOSDATA_O_PRD_D_TABBEG
00000038                BIOSDATA_O_PRD_D_TABLEN
0000003a                BIOSDATA_O_PRD_D_THOOK
0000003c                BIOSDATA_O_PRD_D_TICKH
0000003d                BIOSDATA_O_PRD_D_TICKL
000000a8                BIOSDATA_O_RTDX_D_BUFREAD
000000aa                BIOSDATA_O_RTDX_D_BUFWRITE
00000046                BIOSDATA_O_SWI_D_CURFXN
00000042                BIOSDATA_O_SWI_D_CURMASK
00000045                BIOSDATA_O_SWI_D_CURMBOX
00000043                BIOSDATA_O_SWI_D_CURSET
00000040                BIOSDATA_O_SWI_D_EXECADDR
00000044                BIOSDATA_O_SWI_D_LOCK
00000048                BIOSDATA_O_SWI_D_RDYBEG
0000004a                BIOSDATA_O_SWI_D_RDYTAB
0000003e                BIOSDATA_O_SWI_D_RUNADDR
0000009e                BIOSDATA_O_SYS
000000a4                BIOSDATA_O_TSK_D_IDLSTKADDR
000000a6                BIOSDATA_O_TSK_D_IDLSYSTKADDR
00016735                BIOS_init
000167be                BIOS_start
00000000                BUF$
00000001                BUF_ENABLED
            0000b5a0    C55_BIOSDATAOBJ
00000001                CLK$
000057ee                CLK_A_TABBEG
0000afdc                CLK_A_TABBEGb
00000001                CLK_CALDIV
00000001                CLK_CALMULT
00000001                CLK_CLKDIV
0000fa00                CLK_COUNTSPMS
00000000                CLK_COUNTSPMSHIGH
            0000b5b6    CLK_D_idletime
            0000b5b8    CLK_D_isrhook
            0000b5ba    CLK_D_tabbeg
            0000b5bc    CLK_D_timefxn
0006f799                CLK_F_dispRun
0006f07d                CLK_F_gethtime
0006eee1                CLK_F_isr
0006f734                CLK_F_itime
0006f78e                CLK_HOOKFXN
00000001                CLK_HTIMEDIV
00000003                CLK_HTIMEMULT
0000fa00                CLK_HTIMEPERLTIME
00000000                CLK_IMR0TINTMASK
00000040                CLK_IMR1TINTMASK
00000006                CLK_INTBIT
00000016                CLK_INTID
00000001                CLK_LTIMEDIV
0002ee00                CLK_LTIMEMULT
000003e8                CLK_MICROSECS
            000057f0    CLK_NULL
0000f9ff                CLK_PRD
00000000                CLK_PRDHIGH
00002400                CLK_REGS
            0000b5be    CLK_R_timh
            0000b5bf    CLK_R_timl
00000022                CLK_TCR
00000002                CLK_TDDR
00000000                CLK_TDDRHIGH
0006f07d                CLK_TIMEFXN
00000046                CLK_TIMERIFR
00000045                CLK_TIMERIMR
00000040                CLK_TIMERIMRMASK
00000001                CLK_TIMERNUM
00000001                CLK_USETIMER
            00005693    DARAM
00000100                DARAM$B
00000200                DARAM$Bb
00008000                DARAM$L
00000000                DEV$
00000000                DGN$
00000000                DHL$
00000000                DHL_gChannelsAvailable
00000000                DIO$
00000000                DIO_NUMSWIBASE
00000000                DIO_NUMTSKBASE
00000000                DIO_STATIC
00000000                DPI$
0006f6ca                FXN_F_nop
0006f6cc                FXN_F_run
0006f6ed                FXN_F_selfLoop
0006f6e9                FXN_F_zero
00000001                GBL$
00005205                GBL_A_VERSION
0006f82c                GBL_BIOS_BOOTFXN
00f80000                GBL_CACHEICRTAG1
00f81000                GBL_CACHEICRTAG2
00000002                GBL_CACHETYPE
00000001                GBL_CALLCSLCFGINIT
00002ee0                GBL_CLKIN
00002cd0                GBL_CLKMD
00001585                GBL_CLKTYPE
00000001                GBL_DCRPOSTEDWRITE
00001586                GBL_DSPSUBTYPE
00000037                GBL_DSPTYPE
00000000                GBL_ENABLEICACHE
00000000                GBL_ENABLEINST
00000042                GBL_FOOTPRINT
0002ee00                GBL_FREQ
00000001                GBL_LARGEMODEL
00000000                GBL_MODIFYCLKMD
00000000                GBL_NULL
00008000                GBL_PLLDIV0
00008003                GBL_PLLDIV1
0000000f                GBL_PLLM
00000000                GBL_PROCID
00000000                GBL_ROM
00000000                GBL_SUPPORTCSL
00004000                GBL_TRCMASKVALUE
00000000                GBL_USERINIT
0006f82c                GBL_USERINITFXN
00000001                GBL_boot
            0000b67c    GBL_initdone
            00004500    GBL_stackbeg
            000048ff    GBL_stackend
            00004100    GBL_sysstackbeg
            000044ff    GBL_sysstackend
00000000                GIO$
0006f82c                GIO_CREATEFXN
0006f82c                GIO_DELETEFXN
0006f82c                GIO_PENDFXN
0006f82c                GIO_POSTFXN
00000000                HOOK$
00000000                HOOK_KNLID
00000000                HST$
00000100                HST_A_TABBEG
00000200                HST_A_TABBEGb
00000100                HST_A_TABEND
00000200                HST_A_TABENDb
00000000                HST_BIOSLINK
00000000                HST_DSM
            00005693    HST_DSMBUFSEG
00000400                HST_DSMMEMSIZE
            0000b5c0    HST_D_chanmask
            0000b640    HST_D_tabbegaddr
            0000b642    HST_D_tabendaddr
000000ff                HST_MAXFRAMEALLOWED
00000000                HST_MAXFRAMESET
00000001                HST_NONE
00000000                HST_RTDX
00000001                HWI$
00000100                HWI_A_VECS
00000018                HWI_BERR
00000019                HWI_DLOG
            0000b634    HWI_D_inhwi
            0000b628    HWI_D_spsave
            0000b62a    HWI_D_sspsave
            0000b62c    HWI_D_stkbotaddr
            0000b630    HWI_D_stktopaddr
            0000b62e    HWI_D_systkbotaddr
            0000b632    HWI_D_systktopaddr
0006d874                HWI_F_dispatch
0000000a                HWI_INT10
0000000b                HWI_INT11
0000000c                HWI_INT12
0000000d                HWI_INT13
0000000e                HWI_INT14
0000000f                HWI_INT15
00000010                HWI_INT16
00000011                HWI_INT17
00000012                HWI_INT18
00000013                HWI_INT19
00000002                HWI_INT2
00000014                HWI_INT20
00000015                HWI_INT21
00000016                HWI_INT22
00000017                HWI_INT23
00000003                HWI_INT3
00000004                HWI_INT4
00000005                HWI_INT5
00000006                HWI_INT6
00000007                HWI_INT7
00000008                HWI_INT8
00000009                HWI_INT9
00000001                HWI_NMI
00000000                HWI_RESET
0000001a                HWI_RTOS
0000001b                HWI_SINT27
0000001c                HWI_SINT28
0000001d                HWI_SINT29
0000001e                HWI_SINT30
0000001f                HWI_SINT31
00000016                HWI_TINT
00000000                HWI_ZEROTAB
0006d273                I$$DIV
0006d40b                I$$LMPY
0006d292                I$$MOD
0006d34a                I$$UDIV
0006d35f                I$$UMOD
00000000                IDL$
000057f4                IDL_A_CALBEG
0000afe8                IDL_A_CALBEGb
000057f2                IDL_A_TABBEG
0000afe4                IDL_A_TABBEGb
00000000                IDL_CALIBRERROR
00000000                IDL_CALIBRFXN
            0000b5c2    IDL_D_calbeg
            0000b5c4    IDL_D_calibrate
            0000b5c6    IDL_D_tabbeg
            000057f2    IDL_END
            000057f4    IDL_END$
0006f7fc                IDL_F_loop
00000000                IDL_USECLKIDLTIME
00000001                ISRC$
0006e6f7                KNL_glue
            000057c2    KNL_swi
00000001                KNL_swi$dorta
00000000                KNL_swi$ord
00000000                KNL_swi$pri
            000057e2    KNL_swi$sts
            0000530f    KNL_swi$sts$avgfmt
00000002                KNL_swi$sts$filter
00000001                KNL_swi$sts$filtmaxmult
00000001                KNL_swi$sts$filtsummult
            000052ff    KNL_swi$sts$maxfmt
            000057e0    KNL_swi$sts$stsobj
            00005307    KNL_swi$sts$sumfmt
00000000                KNL_swi$sts$unittype
00000000                KNL_swi$swi
0006e736                KNL_tick_stub
00000001                LCK$
00000001                LOG$
000057d6                LOG_A_TABBEG
0000afac                LOG_A_TABBEGb
000057e0                LOG_A_TABEND
0000afc0                LOG_A_TABENDb
00000001                LOG_A_TABLEN
            0000b5c8    LOG_D_system
00000001                LOG_ENABLED
0006f2e0                LOG_F_event
            000057d6    LOG_system
            00005800    LOG_system$buf
00000000                LOG_system$datatype
00000000                LOG_system$log
00000200                LOG_system$size
00000001                MBX$
00000001                MEM$
            00005692    MEM_MALLOCSEG
00000000                MEM_NULL
            00005693    MEM_SEGZERO
00000003                MEM_gNumHeap
00000000                MSGQ$
00000000                MSGQ_USEMSGQ
00000000                OBJ$
00000000                PIP$
00000100                PIP_A_TABBEG
00000200                PIP_A_TABBEGb
00000100                PIP_A_TABEND
00000200                PIP_A_TABENDb
00000000                PIP_A_TABLEN
            0000b5ca    PIP_D_tabbeg
            0000b5cc    PIP_D_tablen
00000064                PIP_OBJSIZE
00000000                PIP_gNextId
00000000                PIP_gNumEmbed
00000000                POOL$
00000000                POOL_USEPOOL
00000001                PRD$
00000100                PRD_A_TABBEG
00000200                PRD_A_TABBEGb
00000100                PRD_A_TABEND
00000200                PRD_A_TABENDb
00000000                PRD_A_TABLEN
            0000b5ce    PRD_D_cur
            0000b5d0    PRD_D_elapsed
            0000b5d1    PRD_D_prevtim
            0000b5d2    PRD_D_scalar
            0000b5d4    PRD_D_swihandle
            0000b5d6    PRD_D_tabbeg
            0000b5d8    PRD_D_tablen
            0000b5da    PRD_D_thook
            0000b5dc    PRD_D_tickh
            0000b5dd    PRD_D_tickl
0006de6c                PRD_F_swi
0006df91                PRD_F_tick
00004000                PRD_SCALAR
00000000                PRD_SWIHANDLE
0006e736                PRD_THOOKFXN
            000057ee    PRD_clock
00000001                PWRM$
00000000                PWRM_PWRM_ADAPTCLK
0006f82c                PWRM_PWRM_BOOTHOOKFXN
00000023                PWRM_PWRM_CAPSMASK
0000003f                PWRM_PWRM_DS_IDLEMASK
00000000                PWRM_PWRM_ENABLE
00000005                PWRM_PWRM_IDLEMASK
00000000                PWRM_PWRM_IER0
00000000                PWRM_PWRM_IER1
00000640                PWRM_PWRM_INITMILVOLTS
0000000f                PWRM_PWRM_INITSP
00000000                PWRM_PWRM_SCALING
00000001                QUE$
            00005695    RTA_fromHost$buf
00000000                RTDX$
00000102                RTDX_BUFMEMSIZE
            00005692    RTDX_DATAMEMSEG
            0000b648    RTDX_D_BufRead
            0000b64a    RTDX_D_BufWrite
00000000                RTDX_MODE
00000000                RTDX_USERTDX
00000000                RTDX_USERTEXECUTION
            00005694    SARAM
00008000                SARAM$B
00010000                SARAM$Bb
00004800                SARAM$L
            00005692    SDRAM
00020000                SDRAM$B
00040000                SDRAM$Bb
00020000                SDRAM$L
00000000                SEM$
00000000                SIO$
00000000                STS$
000057e0                STS_A_TABBEG
0000afc0                STS_A_TABBEGb
000057e8                STS_A_TABEND
0000afd0                STS_A_TABENDb
0006f3f0                STS_F_add
0006f3ce                STS_F_delta
0006f408                STS_F_reset
00000001                SWI$
000057c2                SWI_A_TABBEG
0000af84                SWI_A_TABBEGb
000057d6                SWI_A_TABEND
0000afac                SWI_A_TABENDb
00000001                SWI_A_TABLEN
            0000b5e6    SWI_D_curfxn
            0000b5e2    SWI_D_curmask
            0000b5e5    SWI_D_curmbox
            0000b5e3    SWI_D_curset
            0000b5e0    SWI_D_execaddr
            0000b626    SWI_D_inswi
            0000b5e4    SWI_D_lock
            0000b5e8    SWI_D_rdybeg
            0000b5ea    SWI_D_rdytab
            0000b5de    SWI_D_runaddr
00000000                SWI_EHOOKFXN
0006d5e6                SWI_EXECFXN
0006d4a0                SWI_F_enable
0006d5e6                SWI_F_exec
0006d55e                SWI_F_exec_sync
0006d4d3                SWI_F_post
0006d6d2                SWI_F_run
00000000                SWI_IHOOKFXN
0006d6d2                SWI_RUNFXN
00000001                SYS$
            0000b672    SYS$config
0006f6f0                SYS_ABORTFXN
0006f714                SYS_ERRORFXN
0006f81c                SYS_EXITFXN
0006f62c                SYS_PUTCFXN
00004000                TRC_GBLTARG
            0000b67b    TRC_R_mask
            0000b67a    TRC_cinit
00000001                TSK$
            0000b644    TSK_D_idlstkaddr
            0000b646    TSK_D_idlsystkaddr
00000000                TSK_NUM_HOOKS
00000001                TSK_PRIORITY
00000000                TSK_READYFXN
00000000                TSK_STACKSEG
00000400                TSK_STACKSIZE
00000000                TSK_SWITCHFXN
00000100                TSK_SYSTACKSIZE
0006f82c                TSK_VCREATEFXN
0006f82c                TSK_VDELETEFXN
0006f82c                TSK_VEXITFXN
            0000577c    TSK_idle
00000001                TSK_idle$ord
00000000                TSK_idle$pri
            00004900    TSK_idle$stack
            00004ce2    TSK_idle$stkptr
            00004d00    TSK_idle$sysstack
            00004de2    TSK_idle$sysstkptr
00000000                TSK_idle$tsk
            00005794    TSK_idle$tskobj
00000000                UDEV$
ffffffff                VECT
ffffffff                WAVEFORM
0006069d                _ADS1299_close
00060098                _ADS1299_configure
0006016f                _ADS1299_control
00060522                _ADS1299_readblock
00060514                _ADS1299_readsample
00060689                _ADS1299_writeblock
0006067b                _ADS1299_writesample
            00005464    _Ads1299_1
00016735                _BIOS_init
000167be                _BIOS_start
0006ee17                _C55_clearIFR0
0006ee2c                _C55_clearIFR1
0006ed9f                _C55_disableIMR0
0006edc2                _C55_disableIMR1
0006ede5                _C55_enableIMR0
0006edfe                _C55_enableIMR1
0000fa00                _CLK_COUNTSPMS
            00005724    _CLK_DFLTMICROSECS
            0000b5b4    _CLK_D_countspms
            0000b5ae    _CLK_D_dirty
            00005726    _CLK_D_microseconds
            0000b5b0    _CLK_D_prd
            0000b5b2    _CLK_D_tddr
0000f9ff                _CLK_PRD
00002400                _CLK_REGS
00000022                _CLK_TCR
00000002                _CLK_TDDR
00000001                _CLK_TIMERNUM
00000001                _CLK_USETIMER
0006f799                _CLK_dispRun
0006f04c                _CLK_getfhtime
0006f811                _CLK_getltime
0006f07d                _CLK_getshtime
            0000b5a6    _CLK_htimeDiv
            0000b5a8    _CLK_htimeMult
            0000573c    _CLK_htimePerLtime
0006eee1                _CLK_isr
            0000b5b8    _CLK_isrhook
0006f734                _CLK_itime
            0000b5aa    _CLK_ltimeDiv
            0000b5ac    _CLK_ltimeMult
0006f78e                _CLK_run
0006f534                _CLK_start
0006f56b                _CLK_stop
            0000b5be    _CLK_time
0006dff2                _CLK_wdogdisable
            0000b4b0    _CSL_DmaData
            0000b52e    _CSL_McbspData
            0000b650    _CSL_SysData
            0000b594    _CSL_TimerData
            00005693    _DARAM
00000100                _DARAM_base
00000200                _DARAM_baseb
00008000                _DARAM_length
000157c2                _DMA_close
00014cdf                _DMA_config
00014e2f                _DMA_getConfig
000153f5                _DMA_open
00014b64                _DMA_reset
            0000536c    _Ebadarg
            00005360    _Ebadcmd
            000053ac    _Ebadfid
            00005340    _Eexist
            00005328    _Ehungup
            000053d0    _Eio
            000053b4    _Enoauth
            00005318    _Enodev
            00005383    _Enofid
            000052f8    _Enomem
            0000534c    _Enonexist
            0000538f    _Enotdir
            0000539f    _Eopen
            00005306    _Eperm
0006f82c                _FXN_F_nop
            0000b5a2    _GBL_clkIn
            0000b5a4    _GBL_freq
0006f824                _GBL_getVersion
            0000b5a0    _GBL_procId
0006f7d8                _HOOK_setenv
00000100                _HST_A_TABBEG
00000100                _HST_A_TABEND
            000052f7    _HST_HOST_CHANNEL_DRIVER
00000018                _HWI_BERR
00000019                _HWI_DLOG
            0000b634    _HWI_D_inhwi
            0000b628    _HWI_D_spsave
            0000b62a    _HWI_D_sspsave
0006daf3                _HWI_F_DispIsr0
0006d874                _HWI_F_dispatch
0000000a                _HWI_INT10
0000000b                _HWI_INT11
0000000c                _HWI_INT12
0000000d                _HWI_INT13
0000000e                _HWI_INT14
0000000f                _HWI_INT15
00000010                _HWI_INT16
00000011                _HWI_INT17
00000012                _HWI_INT18
00000013                _HWI_INT19
00000002                _HWI_INT2
00000014                _HWI_INT20
00000015                _HWI_INT21
00000016                _HWI_INT22
00000017                _HWI_INT23
00000003                _HWI_INT3
00000004                _HWI_INT4
00000005                _HWI_INT5
00000006                _HWI_INT6
00000007                _HWI_INT7
00000008                _HWI_INT8
00000009                _HWI_INT9
00000001                _HWI_NMI
00000000                _HWI_RESET
0000001a                _HWI_RTOS
0000001b                _HWI_SINT27
0000001c                _HWI_SINT28
0000001d                _HWI_SINT29
0000001e                _HWI_SINT30
0000001f                _HWI_SINT31
            00004900    _HWI_STKBOTTOM
            00004500    _HWI_STKTOP
            00004500    _HWI_SYSSTKBOTTOM
            00004100    _HWI_SYSSTKTOP
00000016                _HWI_TINT
            0000b628    _HWI_data
0006f774                _HWI_disable
            00005d4a    _HWI_dispatchTab
0006f784                _HWI_enable
0006f788                _HWI_restore
0006f7fc                _IDL_loop
00015781                _IRQ_clear
00015600                _IRQ_disable
0001567b                _IRQ_enable
0001584e                _IRQ_globalDisable
00015867                _IRQ_globalEnable
00015880                _IRQ_globalRestore
00015732                _IRQ_test
            0000542e    _KNL_alarm
0006ef6e                _KNL_check
            00005456    _KNL_curqueue
            0000544e    _KNL_curtask
            00005452    _KNL_curtime
            00005436    _KNL_dummy
0006f5bc                _KNL_enter
0006f5d4                _KNL_exit
0006efad                _KNL_idle
            00005462    _KNL_idlefxn
            00005432    _KNL_inactive
0006f1d0                _KNL_ipost
0006efca                _KNL_max
            00005458    _KNL_maxqueue
0006f664                _KNL_post
            00005450    _KNL_prevtask
            00005434    _KNL_priority
            000053dc    _KNL_queues
0006f174                _KNL_ready
0006e2dc                _KNL_run
0006e756                _KNL_saveIsrFrame
            000053db    _KNL_set
            00005430    _KNL_setpri
0006f116                _KNL_start
            000057c2    _KNL_swi
            00005454    _KNL_swiptr
0006e6a9                _KNL_switch
            0000545c    _KNL_tcreatefxn
            0000545e    _KNL_tdeletefxn
0006e9ac                _KNL_tick
            00005460    _KNL_treadyfxn
            0000545a    _KNL_tswitchfxn
            000053da    _KNL_wFlag
            0000542c    _KNL_wList
0006f2a8                _LCK_pend
0006f288                _LCK_post
000057d6                _LOG_A_TABBEG
000057e0                _LOG_A_TABEND
00000001                _LOG_A_TABLEN
            0000b5c8    _LOG_D_system
0006f2e0                _LOG_event
            000057d6    _LOG_system
            00005728    _MBX_ATTRS
0006e9bc                _MBX_create
0006ee44                _MBX_delete
0006e7b8                _MBX_pend
0006e840                _MBX_post
000156e2                _MCBSP_close
00014800                _MCBSP_config
00014f79                _MCBSP_open
00015896                _MCBSP_read16
000157f8                _MCBSP_read32
000149cd                _MCBSP_reset
00015258                _MCBSP_start
000158ab                _MCBSP_write16
00015828                _MCBSP_write32
            0000573e    _MEM
            0000b635    _MEM_D_NUMSEGMENTS
            0000b638    _MEM_D_freelist
            0000b63a    _MEM_D_lockaddr
            0000b636    _MEM_D_memtab
            0000b63c    _MEM_D_unlockaddr
0006e57c                _MEM_alloc
0006dff4                _MEM_free
00016624                _MEM_init
            00005680    _MEM_memtab
0006f698                _MEM_valloc
0006f0b4                _OBJ_create
0006f4a8                _OBJ_delete
00016958                _OBJ_init
            00005646    _OBJ_segtab
            0000562a    _OBJ_table
00000100                _PIP_A_TABBEG
00000100                _PIP_A_TABEND
            0000b5dd    _PRD_D_tick
            000057ee    _PRD_clock
0006f5f3                _PRD_getticks
0006f601                _PRD_start
0006f623                _PRD_stop
0006f5fb                _PRD_tick
0006f577                _QUE_get
0006f596                _QUE_put
00000000                _RTDX_Buffer_Read
00000000                _RTDX_Buffer_Write
00000000                _RTDX_Poll
            00005694    _SARAM
00008000                _SARAM_base
00010000                _SARAM_baseb
00004800                _SARAM_length
            00005692    _SDRAM
00020000                _SDRAM_base
00040000                _SDRAM_baseb
00020000                _SDRAM_length
            0000572c    _SEM_ATTRS
0006f22c                _SEM_create
0006f7ec                _SEM_delete
0006f380                _SEM_pend
0006e438                _SEM_pendEnterKnl
0006f331                _SEM_post
0006f331                _SEM_postBinary
0006f754                _SEM_postEnterKnl
000057e0                _STS_A_TABBEG
000057e8                _STS_A_TABEND
0006f3f0                _STS_add
0006f3ce                _STS_delta
0006f408                _STS_reset
            0000570c    _SWI_ATTRS
            0000b5e6    _SWI_D_curfxn
            0000b5e2    _SWI_D_curmask
            0000b626    _SWI_D_inswi
            0000b5e4    _SWI_D_lock
            0000b5e8    _SWI_D_rdybeg
0006f460                _SWI_create
            0000b5de    _SWI_data
0006f808                _SWI_disable
0006d4a0                _SWI_enable
0006d4d3                _SWI_post
0006efe0                _SWI_setattrs
            0000b63e    _SYS
            00005a00    _SYS_PUTCBEG
            00005bff    _SYS_PUTCEND
0006f7a8                _SYS_abort
0006f7c0                _SYS_error
0006f418                _SYS_exit
            000056ce    _SYS_exitStack
            000056de    _SYS_exitStackPtr
            000056e0    _SYS_exitStackTop
00015576                _TIMER_configArgs
0001532d                _TIMER_open
000154b7                _TIMER_reset
            0000b67b    _TRC_R_mask
            000055f0    _TSK
            000055d4    _TSK_ATTRS
            000055e2    _TSK_config
0006dbd4                _TSK_create
0006f4f0                _TSK_disable
0006f51c                _TSK_enable
0006eaa8                _TSK_exit
            0000577c    _TSK_idle
000167f4                _TSK_init
            000055d2    _TSK_nTasks
            000055d3    _TSK_pid
0006ecec                _TSK_setup
0006ebd4                _TSK_startup
            000055f2    _TSK_timerSem
0006f6f0                _UTL_doAbort
0006f714                _UTL_doError
0006f62c                _UTL_doPutc
0006f81c                _UTL_halt
ffffffff                _VECT
ffffffff                _WAVEFORM
            0000b64e    __HOOK_NUMHOOKS
            0000b64c    __HOOK_knlId
            00005616    __MEM_mutex
00015098                __PGPIO_pinDirection
00015178                __PGPIO_pinWrite
0006ec38                __SEM_dopost
            00004900    __STACK_END
00000800                __STACK_SIZE
00000800                __SYSSTACK_SIZE
            00005602    __TSK_mutex
ffffffff                ___binit__
            000052f8    ___bss__
ffffffff                ___c_args__
            0000ac61    ___cinit__
00069bec                ___ct__10BlockQueueFPlT1
            00000100    ___data__
0006d49b                ___default_new_handler__Fv
            00000100    ___edata__
            00005742    ___end__
0006d49e                ___etext__
0006d3c0                ___isinf
0006cf83                ___nw__FUi
            00037c6e    ___pinit__
0006be0f                ___sti___11_acquire_cpp_1708cbcf
00060000                ___text__
0006b764                __addd
0006c1c5                __cmpd
            00004f05    __ctypes_
0006a36e                __divd
0006d273                __divi
0006d1a6                __divli
0006b72f                __divlli
0006d34a                __divu
0006cbc0                __divul
0006b63b                __divull
0006c191                __eqld
0006d320                __fixdi
0006cead                __fixdli
0006d3dc                __fixdu
0006ccde                __fixdul
0006d48f                __fltid
0006cf1c                __fltlid
0006d481                __fltud
0006d100                __fltuld
0006cd55                __frcmpyd
0006ca39                __frcmpyd_div
0006c147                __geqd
0006c0fc                __gtrd
0006c0af                __leqd
            00005730    __lock
0006c067                __lssd
0006c8ed                __mpyd
0006d40b                __mpyli
0006b583                __mpylli
0006d452                __negd
0006c033                __neqd
            00005740    __new_handler
0006d42e                __nop
0006cfe8                __nround
000641c7                __printfi
0006d426                __register_lock
0006d41e                __register_unlock
0006d292                __remi
0006d15b                __remli
0006b554                __remlli
0006d35f                __remu
0006cdcb                __remul
0006b506                __remull
            00004500    __stack
0006d3f7                __subd
            00004100    __sysstack
            00005732    __unlock
            000054e2    _a
0006bc07                _acquire_adc_done
0006bd75                _acquire_blocksize_get
0006bd63                _acquire_blocksize_set
0006bd3b                _acquire_data_close
0006bd4e                _acquire_data_len
0006bcb4                _acquire_data_read
0006bd0f                _acquire_data_write
0006bc70                _acquire_get
0006bd7d                _acquire_init
0006bc1f                _acquire_next_block
0006bc77                _acquire_set
00065a75                _ads1299evm_biassensn_get
00065a92                _ads1299evm_biassensn_set
00065a2e                _ads1299evm_biassensp_get
00065a4b                _ads1299evm_biassensp_set
000657f6                _ads1299evm_ch1set_get
00065813                _ads1299evm_ch1set_set
0006583d                _ads1299evm_ch2set_get
0006585a                _ads1299evm_ch2set_set
00065884                _ads1299evm_ch3set_get
000658a1                _ads1299evm_ch3set_set
000658cb                _ads1299evm_ch4set_get
000658e8                _ads1299evm_ch4set_set
00065912                _ads1299evm_ch5set_get
0006592f                _ads1299evm_ch5set_set
00065959                _ads1299evm_ch6set_get
00065976                _ads1299evm_ch6set_set
000659a0                _ads1299evm_ch7set_get
000659bd                _ads1299evm_ch7set_set
000659e7                _ads1299evm_ch8set_get
00065a04                _ads1299evm_ch8set_set
000656c5                _ads1299evm_config1_get
000656e2                _ads1299evm_config1_set
00065713                _ads1299evm_config2_get
00065730                _ads1299evm_config2_set
00065761                _ads1299evm_config3_get
0006577e                _ads1299evm_config3_set
00065ca8                _ads1299evm_config4_get
00065cc5                _ads1299evm_config4_set
000656a8                _ads1299evm_devid_get
00065bcb                _ads1299evm_gpio_get
00065be8                _ads1299evm_gpio_set
000657ab                _ads1299evm_loff_get
000657c8                _ads1299evm_loff_set
00065b4a                _ads1299evm_loffflip_get
00065b67                _ads1299evm_loffflip_set
00065b03                _ads1299evm_loffsensn_get
00065b20                _ads1299evm_loffsensn_set
00065abc                _ads1299evm_loffsensp_get
00065ad9                _ads1299evm_loffsensp_set
00065bae                _ads1299evm_loffstatn_get
00065b91                _ads1299evm_loffstatp_get
00065c12                _ads1299evm_misc1_get
00065c2f                _ads1299evm_misc1_set
00065c5d                _ads1299evm_misc2_get
00065c7a                _ads1299evm_misc2_set
00065cf3                _ads1299evm_mkdir
00065641                _ads1299evm_reset_get
00065649                _ads1299evm_reset_set
0006563a                _ads1299evm_sleep_get
000655ed                _ads1299evm_sleep_set
0006d0a4                _atoi
00016878                _auto_init
000168e9                _c_int00
0006e238                _calloc
00069c2e                _clear__10BlockQueueFv
000674d8                _clk_calc_div
000671ff                _clk_disable_pll
000671f2                _clk_enable_pll
0006720c                _clk_init
00067175                _clk_set_enable_pll
00067722                _clk_set_freq
00067446                _clk_set_out
0006777e                _clk_set_outfreq
000673ce                _clk_set_pll
            000056b8    _conf
00069fa4                _convD2M
0006785b                _convM2S
00068929                _convS2M
0006658b                _data_write
0006bbd9                _dc_close
0006b9bd                _dc_configure
0006babc                _dc_control
0006b9ce                _dc_power
0006ba40                _dc_rblock
0006b9f5                _dc_read
0006bb55                _dc_readblock
0006bafc                _dc_readsample
0006ba7e                _dc_wblock
0006ba19                _dc_write
0006bb97                _dc_writeblock
0006bb2a                _dc_writesample
00062179                _dir_read
0000b800                _drdyIsr
00066bec                _enum_read
00066cf7                _enum_write
            00005502    _epin1_data
            000054f2    _epout1_data
            000055d1    _errno
00061742                _estyx_calclen
00062414                _estyx_canread
0006243d                _estyx_canwrite
00061d9c                _estyx_destroy
00061dbd                _estyx_detach
00066480                _estyx_file_bool_make
00066601                _estyx_file_data_make
00066dd6                _estyx_file_enum_make
000667ea                _estyx_file_float_make
00066342                _estyx_file_msg_make
00066a54                _estyx_file_s32_make
00066b14                _estyx_file_u32_make
00061aa6                _estyx_findfile
000693dd                _estyx_free
00062dbb                _estyx_init
000693ce                _estyx_malloc
00062d7e                _estyx_mkdir
00062d58                _estyx_mkfile
00061839                _estyx_perm
000620b9                _estyx_rread
0006211e                _estyx_rread55
00062a83                _estyx_rx
00062da4                _estyx_set_tx_callback
00062385                _estyx_setrw
00069d33                _finishRead__10BlockQueueFv
00069eb9                _finishWrite__10BlockQueueFv
0006b400                _flash_be
0006b3f0                _flash_dp
0006b4d4                _flash_init
0006b437                _flash_pp
0006b2b2                _flash_rdsr
0006b308                _flash_read
0006b3ac                _flash_res
0006b410                _flash_se
0006b4bc                _flash_test
0006b2de                _flash_wrdi
0006b2d0                _flash_wren
0006b2ec                _flash_wrsr
00066774                _float_read
000666ad                _float_write
0006e264                _free
            000054bc    _hAdsDeviceHandle
0006ac4c                _i2c_frob
0006ab8d                _i2c_get_bus
0006ad07                _i2c_init
0006aa02                _i2c_lock
0006ac1d                _i2c_r8
0006abc2                _i2c_rd
0006ac73                _i2c_reset
0006ab3e                _i2c_set_bus
0006aa16                _i2c_unlock
0006abee                _i2c_w8
0006ab94                _i2c_wr
0006c8e4                _isr_PWRINT
0006c6b9                _isr_SWINT
0006d472                _isspace
0006c5d6                _led
0006c5dd                _led_dp
0006c5ac                _led_set
0006c666                _led_showchar
0006c681                _led_showdig
000696a3                _listen
000668a6                _long_read
0006697f                _long_write
0006cc61                _ltoa
0006d21e                _main
0006e16c                _malloc
0006e1b8                _memalign
0006d39d                _memccpy
0006d234                _memcpy
0006d2af                _memmove
0006d430                _memset
0006b088                _mmb0_clkfreq_get
0006b098                _mmb0_clkfreq_set
0006c887                _mmb0_clkout_get
0006b07e                _mmb0_clockout_get
0006b075                _mmb0_clockout_set
0006c87f                _mmb0_cpuclk_get
0006c7ba                _mmb0_cpuclk_set
0006c8b9                _mmb0_init
            000056fe    _mmb0_key_handler
0006b133                _mmb0_mkdir
0006aff5                _mmb0_pll_get
0006affd                _mmb0_pll_set
0006c89e                _mmb0_preinit
0006cb01                _modf
            000055d0    _msgcount
            0000556c    _msgs
00061be7                _newfid
            00005568    _params
            000056f7    _pin_shadow_I2CCTL
            000056f8    _pin_shadow_I2CGPIO
            000056f5    _pin_shadow_IODATA
            000056f6    _pin_shadow_IODIR
            000056f4    _pin_shadow_PCR0
00069a86                _pushReservation__10BlockQueueFl
000607bd                _rblock_finished
00069da1                _read__10BlockQueueFPll
0006e288                _realloc
00069b11                _reserveEnd__10BlockQueueFRl
00069bac                _reserveMiddle__10BlockQueueFRl
00069b4f                _reserveStart__10BlockQueueFRl
            000054be    _serial1
00069f8b                _sizeD2M
000687e3                _sizeS2M
0006a6ec                _spibb_cshi
0006a70a                _spibb_cslo
0006a990                _spibb_open
0006a8a2                _spibb_rs24
0006a975                _spibb_set_delay
0006a930                _spibb_set_phase
0006a728                _spibb_shift8
0006a8fd                _spibb_wu24
0006ce3d                _sprintf
00069c8c                _startRead__10BlockQueueFRl
00069e26                _startWrite__10BlockQueueFRl
0006d462                _strcmp
0006d441                _strlen
0006d374                _strncmp
0006d2ea                _strncpy
0006ad38                _strtod
0006be2b                _strtol
0006c21d                _strtoul
0006c6a6                _sw_read
0006274a                _tcreate
            00005748    _test_mbx
0006253f                _topen
[...]
00061839                _estyx_perm
00061aa6                _estyx_findfile
00061be7                _newfid
00061d9c                _estyx_destroy
00061dbd                _estyx_detach
000620b9                _estyx_rread
0006211e                _estyx_rread55
00062179                _dir_read
00062385                _estyx_setrw
00062414                _estyx_canread
0006243d                _estyx_canwrite
00062466                _tread
0006253f                _topen
0006274a                _tcreate
00062765                _tstat
0006283d                _twrite
00062917                _twalk
00062a83                _estyx_rx
00062d58                _estyx_mkfile
00062d7e                _estyx_mkdir
00062da4                _estyx_set_tx_callback
00062dbb                _estyx_init
000641c7                __printfi
00064409                _usbhw_dmalog_write
0006453f                _usbhw_pack55
0006458f                _usbhw_unpack55
00064631                _usbhw_check_timeouts
00064694                _usbhw_mkalarm
000646a9                _usbhw_rmalarm
000646bd                _usbhw_sleep
000646ec                _usbhw_wake
000646f9                _usbhw_int_dis
00064707                _usbhw_int_en
00064715                _usbhw_int_en_sof
0006471d                _usbhw_int_en_presof
00064725                _usbhw_int_en_txdone
00064755                _usbhw_int_en_rxdone
0006477a                _usbhw_int_en_setup
00064782                _usbhw_int_en_ctlin
00064790                _usbhw_int_en_ctlout
0006479e                _usbhw_int_dis_sof
000647a6                _usbhw_int_dis_presof
000647ae                _usbhw_int_dis_txdone
000647e0                _usbhw_int_dis_rxdone
00064807                _usbhw_int_dis_setup
0006480f                _usbhw_int_dis_ctlin
0006481d                _usbhw_int_dis_ctlout
0006482b                _usbhw_get_setup
000648f0                _usbhw_put_ctl_read_data
00064947                _usbhw_get_ctl_write_data
000649f4                _usbhw_ctl_write_handshake
00064a07                _usbhw_ctl_read_handshake
00064a1a                _usbhw_cancel
00064b41                _usbhw_tx
00064bc1                _usbhw_rx
00064c41                _usbhw_tx_chain
00064cc1                _usbhw_rx_chain
00064ea1                _usbhw_isr
00064fe1                _usbhw_stall
000651a1                _usbhw_unstall
00065203                _usbhw_is_stalled
00065238                _usbhw_ctl_stall
00065246                _usbhw_ctl_unstall
00065254                _usbhw_ctl_is_stalled
00065268                _usbhw_set_address
0006546b                _usbhw_activate_eps
000654ab                _usbhw_deactivate_eps
00065554                _usbhw_reset
00065574                _usbhw_attach
00065594                _usbhw_detach
000655a8                _usbhw_init
000655ed                _ads1299evm_sleep_set
0006563a                _ads1299evm_sleep_get
00065641                _ads1299evm_reset_get
00065649                _ads1299evm_reset_set
000656a8                _ads1299evm_devid_get
000656c5                _ads1299evm_config1_get
000656e2                _ads1299evm_config1_set
00065713                _ads1299evm_config2_get
00065730                _ads1299evm_config2_set
00065761                _ads1299evm_config3_get
0006577e                _ads1299evm_config3_set
000657ab                _ads1299evm_loff_get
000657c8                _ads1299evm_loff_set
000657f6                _ads1299evm_ch1set_get
00065813                _ads1299evm_ch1set_set
0006583d                _ads1299evm_ch2set_get
0006585a                _ads1299evm_ch2set_set
00065884                _ads1299evm_ch3set_get
000658a1                _ads1299evm_ch3set_set
000658cb                _ads1299evm_ch4set_get
000658e8                _ads1299evm_ch4set_set
00065912                _ads1299evm_ch5set_get
0006592f                _ads1299evm_ch5set_set
00065959                _ads1299evm_ch6set_get
00065976                _ads1299evm_ch6set_set
000659a0                _ads1299evm_ch7set_get
000659bd                _ads1299evm_ch7set_set
000659e7                _ads1299evm_ch8set_get
00065a04                _ads1299evm_ch8set_set
00065a2e                _ads1299evm_biassensp_get
00065a4b                _ads1299evm_biassensp_set
00065a75                _ads1299evm_biassensn_get
00065a92                _ads1299evm_biassensn_set
00065abc                _ads1299evm_loffsensp_get
00065ad9                _ads1299evm_loffsensp_set
00065b03                _ads1299evm_loffsensn_get
00065b20                _ads1299evm_loffsensn_set
00065b4a                _ads1299evm_loffflip_get
00065b67                _ads1299evm_loffflip_set
00065b91                _ads1299evm_loffstatp_get
00065bae                _ads1299evm_loffstatn_get
00065bcb                _ads1299evm_gpio_get
00065be8                _ads1299evm_gpio_set
00065c12                _ads1299evm_misc1_get
00065c2f                _ads1299evm_misc1_set
00065c5d                _ads1299evm_misc2_get
00065c7a                _ads1299evm_misc2_set
00065ca8                _ads1299evm_config4_get
00065cc5                _ads1299evm_config4_set
00065cf3                _ads1299evm_mkdir
00066342                _estyx_file_msg_make
00066480                _estyx_file_bool_make
0006658b                _data_write
00066601                _estyx_file_data_make
000666ad                _float_write
00066774                _float_read
000667ea                _estyx_file_float_make
000668a6                _long_read
0006697f                _long_write
00066a54                _estyx_file_s32_make
00066b14                _estyx_file_u32_make
00066bec                _enum_read
00066cf7                _enum_write
00066dd6                _estyx_file_enum_make
00067175                _clk_set_enable_pll
000671f2                _clk_enable_pll
000671ff                _clk_disable_pll
0006720c                _clk_init
000673ce                _clk_set_pll
00067446                _clk_set_out
000674d8                _clk_calc_div
00067722                _clk_set_freq
0006777e                _clk_set_outfreq
0006785b                _convM2S
0006844c                _usb_ctl_stall
0006845c                _usb_ctl_std
0006849b                _usb_evt_ctl_rx
0006851e                _usb_evt_ctl_tx
0006859e                _usb_ctl_read_end
000685f7                _usb_ctl_write_end
00068615                _usb_evt_setup
0006867e                _usb_ctl_init
000687e3                _sizeS2M
00068929                _convS2M
00068d51                _usb_cancel
00068d7a                _usb_evt_done
00068da8                _usb_rx_chain
00068dbf                _usb_rx
00068dd6                _usb_tx_chain
00068ded                _usb_tx
00068e04                _usb_set_sof_cb
00068e2e                _usb_set_presof_cb
00068e58                _usb_set_address
00068e75                _usb_stall
00068eab                _usb_unstall
00068efc                _usb_is_stalled
0006906c                _usb_set_config
000690de                _usb_get_config
000690e5                _usb_get_state
000690ff                _usb_set_state
00069177                _usb_evt_sof
0006918d                _usb_evt_presof
000691a3                _usb_evt_reset
000691d4                _usb_evt_suspend
000691e6                _usb_evt_resume
00069220                _usb_set_state_cb
00069232                _usb_set_evt_cb
00069254                _usb_get_ep_timeout
0006926d                _usb_set_ep_timeout
00069286                _usb_evt_timeout
000692c8                _usb_is_attached
000692de                _usb_attach
000692f2                _usb_detach
00069302                _usb_init
000693ce                _estyx_malloc
000693dd                _estyx_free
00069611                _usbstyx_tx
000696a3                _listen
000696e7                _usbstyx_rx
0006986b                _usbstyx_task
000698c3                _usbstyx_rx_evt_cb
000698e6                _usbstyx_ctl
000698fa                _usb_ctl
000699c2                _usbstyx_main
00069a86                _pushReservation__10BlockQueueFl
00069b11                _reserveEnd__10BlockQueueFRl
00069b4f                _reserveStart__10BlockQueueFRl
00069bac                _reserveMiddle__10BlockQueueFRl
00069bec                ___ct__10BlockQueueFPlT1
00069c2e                _clear__10BlockQueueFv
00069c8c                _startRead__10BlockQueueFRl
00069d33                _finishRead__10BlockQueueFv
00069da1                _read__10BlockQueueFPll
00069e26                _startWrite__10BlockQueueFRl
00069eb9                _finishWrite__10BlockQueueFv
00069f17                _write__10BlockQueueFPll
00069f8b                _sizeD2M
00069fa4                _convD2M
0006a36e                __divd
0006a6ec                _spibb_cshi
0006a70a                _spibb_cslo
0006a728                _spibb_shift8
0006a8a2                _spibb_rs24
0006a8fd                _spibb_wu24
0006a930                _spibb_set_phase
0006a975                _spibb_set_delay
0006a990                _spibb_open
0006aa02                _i2c_lock
0006aa16                _i2c_unlock
0006ab3e                _i2c_set_bus
0006ab8d                _i2c_get_bus
0006ab94                _i2c_wr
0006abc2                _i2c_rd
0006abee                _i2c_w8
0006ac1d                _i2c_r8
0006ac4c                _i2c_frob
0006ac73                _i2c_reset
0006ad07                _i2c_init
0006ad38                _strtod
0006aff5                _mmb0_pll_get
0006affd                _mmb0_pll_set
0006b075                _mmb0_clockout_set
0006b07e                _mmb0_clockout_get
0006b088                _mmb0_clkfreq_get
0006b098                _mmb0_clkfreq_set
0006b133                _mmb0_mkdir
0006b2b2                _flash_rdsr
0006b2d0                _flash_wren
0006b2de                _flash_wrdi
0006b2ec                _flash_wrsr
0006b308                _flash_read
0006b3ac                _flash_res
0006b3f0                _flash_dp
0006b400                _flash_be
0006b410                _flash_se
0006b437                _flash_pp
0006b4bc                _flash_test
0006b4d4                _flash_init
0006b506                __remull
0006b554                __remlli
0006b583                __mpylli
0006b63b                __divull
0006b72f                __divlli
0006b764                __addd
0006b9bd                _dc_configure
0006b9ce                _dc_power
0006b9f5                _dc_read
0006ba19                _dc_write
0006ba40                _dc_rblock
0006ba7e                _dc_wblock
0006babc                _dc_control
0006bafc                _dc_readsample
0006bb2a                _dc_writesample
0006bb55                _dc_readblock
0006bb97                _dc_writeblock
0006bbd9                _dc_close
0006bc07                _acquire_adc_done
0006bc1f                _acquire_next_block
0006bc70                _acquire_get
0006bc77                _acquire_set
0006bcb4                _acquire_data_read
0006bd0f                _acquire_data_write
0006bd3b                _acquire_data_close
0006bd4e                _acquire_data_len
0006bd63                _acquire_blocksize_set
0006bd75                _acquire_blocksize_get
0006bd7d                _acquire_init
0006be0f                ___sti___11_acquire_cpp_1708cbcf
0006be2b                _strtol
0006c033                __neqd
0006c067                __lssd
0006c0af                __leqd
0006c0fc                __gtrd
0006c147                __geqd
0006c191                __eqld
0006c1c5                __cmpd
0006c21d                _strtoul
0006c3fc                _usb_get_device_desc
0006c422                _usb_get_config_desc
0006c459                _usb_get_ep
0006c497                _usb_get_first_ep
0006c4b2                _usb_have_config
0006c4c9                _usb_config_features
0006c4f0                _usb_have_iface
0006c526                _usb_get_string_desc
0006c59a                _usb_set_serial_number
0006c5ac                _led_set
0006c5d6                _led
0006c5dd                _led_dp
0006c666                _led_showchar
0006c681                _led_showdig
0006c6a6                _sw_read
0006c6b9                _isr_SWINT
0006c740                _ui_init
0006c7ba                _mmb0_cpuclk_set
0006c87f                _mmb0_cpuclk_get
0006c887                _mmb0_clkout_get
0006c89e                _mmb0_preinit
0006c8b9                _mmb0_init
0006c8e4                _isr_PWRINT
0006c8ed                __mpyd
0006ca39                __frcmpyd_div
0006cb01                _modf
0006cbc0                __divul
0006cc61                _ltoa
0006ccde                __fixdul
0006cd55                __frcmpyd
0006cdcb                __remul
0006ce3d                _sprintf
0006cead                __fixdli
0006cf1c                __fltlid
0006cf83                ___nw__FUi
0006cfe8                __nround
0006d0a4                _atoi
0006d100                __fltuld
0006d15b                __remli
0006d1a6                __divli
0006d1ee                _user_setup
0006d21e                _main
0006d234                _memcpy
0006d273                I$$DIV
0006d273                __divi
0006d292                I$$MOD
0006d292                __remi
0006d2af                _memmove
0006d2ea                _strncpy
0006d320                __fixdi
0006d34a                I$$UDIV
0006d34a                __divu
0006d35f                I$$UMOD
0006d35f                __remu
0006d374                _strncmp
0006d39d                _memccpy
0006d3c0                ___isinf
0006d3dc                __fixdu
0006d3f7                __subd
0006d40b                I$$LMPY
0006d40b                __mpyli
0006d41e                __register_unlock
0006d426                __register_lock
0006d42e                __nop
0006d430                _memset
0006d441                _strlen
0006d452                __negd
0006d462                _strcmp
0006d472                _isspace
0006d481                __fltud
0006d48f                __fltid
0006d49b                ___default_new_handler__Fv
0006d49e                ___etext__
0006d49e                etext
0006d4a0                SWI_F_enable
0006d4a0                _SWI_enable
0006d4d3                SWI_F_post
0006d4d3                _SWI_post
0006d55e                SWI_F_exec_sync
0006d5e6                SWI_EXECFXN
0006d5e6                SWI_F_exec
0006d6d2                SWI_F_run
0006d6d2                SWI_RUNFXN
0006d7d8                logPost
0006d82a                stsPost
0006d874                HWI_F_dispatch
0006d874                _HWI_F_dispatch
0006daf3                _HWI_F_DispIsr0
0006dbd4                _TSK_create
0006de6c                PRD_F_swi
0006df91                PRD_F_tick
0006dff2                _CLK_wdogdisable
0006dff4                _MEM_free
0006e16c                _malloc
0006e1b8                _memalign
0006e238                _calloc
0006e264                _free
0006e288                _realloc
0006e2dc                _KNL_run
0006e438                _SEM_pendEnterKnl
0006e57c                _MEM_alloc
0006e6a9                _KNL_switch
0006e6f7                KNL_glue
0006e736                KNL_tick_stub
0006e736                PRD_THOOKFXN
0006e756                _KNL_saveIsrFrame
0006e7b8                _MBX_pend
0006e840                _MBX_post
0006e9ac                _KNL_tick
0006e9bc                _MBX_create
0006eaa8                _TSK_exit
0006ebd4                _TSK_startup
0006ec38                __SEM_dopost
0006ecec                _TSK_setup
0006ed9f                _C55_disableIMR0
0006edc2                _C55_disableIMR1
0006ede5                _C55_enableIMR0
0006edfe                _C55_enableIMR1
0006ee17                _C55_clearIFR0
0006ee2c                _C55_clearIFR1
0006ee44                _MBX_delete
0006eee1                CLK_F_isr
0006eee1                _CLK_isr
0006ef6e                _KNL_check
0006efad                _KNL_idle
0006efca                _KNL_max
0006efe0                _SWI_setattrs
0006f04c                _CLK_getfhtime
0006f07d                CLK_F_gethtime
0006f07d                CLK_TIMEFXN
0006f07d                _CLK_getshtime
0006f0b4                _OBJ_create
0006f116                _KNL_start
0006f174                _KNL_ready
0006f1d0                _KNL_ipost
0006f22c                _SEM_create
0006f288                _LCK_post
0006f2a8                _LCK_pend
0006f2e0                LOG_F_event
0006f2e0                _LOG_event
0006f331                _SEM_post
0006f331                _SEM_postBinary
0006f380                _SEM_pend
0006f3ce                STS_F_delta
0006f3ce                _STS_delta
0006f3f0                STS_F_add
0006f3f0                _STS_add
0006f408                STS_F_reset
0006f408                _STS_reset
0006f418                _SYS_exit
0006f460                _SWI_create
0006f4a8                _OBJ_delete
0006f4f0                _TSK_disable
0006f51c                _TSK_enable
0006f534                _CLK_start
0006f56b                _CLK_stop
0006f577                _QUE_get
0006f596                _QUE_put
0006f5bc                _KNL_enter
0006f5d4                _KNL_exit
0006f5f3                _PRD_getticks
0006f5fb                _PRD_tick
0006f601                _PRD_start
0006f623                _PRD_stop
0006f62c                SYS_PUTCFXN
0006f62c                _UTL_doPutc
0006f664                _KNL_post
0006f698                _MEM_valloc
0006f6ca                FXN_F_nop
0006f6cc                FXN_F_run
0006f6e9                FXN_F_zero
0006f6ed                FXN_F_selfLoop
0006f6f0                SYS_ABORTFXN
0006f6f0                _UTL_doAbort
0006f714                SYS_ERRORFXN
0006f714                _UTL_doError
0006f734                CLK_F_itime
0006f734                _CLK_itime
0006f754                _SEM_postEnterKnl
0006f774                _HWI_disable
0006f784                _HWI_enable
0006f788                _HWI_restore
0006f78e                CLK_HOOKFXN
0006f78e                _CLK_run
0006f799                CLK_F_dispRun
0006f799                _CLK_dispRun
0006f7a8                _SYS_abort
0006f7c0                _SYS_error
0006f7d8                _HOOK_setenv
0006f7ec                _SEM_delete
0006f7fc                IDL_F_loop
0006f7fc                _IDL_loop
0006f808                _SWI_disable
0006f811                _CLK_getltime
0006f81c                SYS_EXITFXN
0006f81c                _UTL_halt
0006f824                _GBL_getVersion
0006f82c                GBL_BIOS_BOOTFXN
0006f82c                GBL_USERINITFXN
0006f82c                GIO_CREATEFXN
0006f82c                GIO_DELETEFXN
0006f82c                GIO_PENDFXN
0006f82c                GIO_POSTFXN
0006f82c                PWRM_PWRM_BOOTHOOKFXN
0006f82c                TSK_VCREATEFXN
0006f82c                TSK_VDELETEFXN
0006f82c                TSK_VEXITFXN
0006f82c                _FXN_F_nop
            00037c58    gblinit
            00037c6e    ___pinit__
            00037c6e    pinit
00f80000                GBL_CACHEICRTAG1
00f81000                GBL_CACHEICRTAG2
ffffffff                VECT
ffffffff                WAVEFORM
ffffffff                _VECT
ffffffff                _WAVEFORM
ffffffff                ___binit__
ffffffff                ___c_args__
ffffffff                binit

[1169 symbols]
